  Determining projects to restore...
  Restored D:\personalproject\ticket-pulse\src\BookingService\BookingService.csproj (in 413 ms).
  Restored D:\personalproject\ticket-pulse\src\AppHost\AppHost.csproj (in 413 ms).
  5 of 7 projects are up-to-date for restore.
  ServiceDefaults -> D:\personalproject\ticket-pulse\src\ServiceDefaults\bin\Debug\net10.0\ServiceDefaults.dll
  Contracts -> D:\personalproject\ticket-pulse\src\Contracts\bin\Debug\net10.0\Contracts.dll
  BookingService -> D:\personalproject\ticket-pulse\src\BookingService\bin\Debug\net10.0\BookingService.dll
  AdminDashboard -> D:\personalproject\ticket-pulse\src\AdminDashboard\bin\Debug\net10.0\AdminDashboard.dll
  ApiGateway -> D:\personalproject\ticket-pulse\src\ApiGateway\bin\Debug\net10.0\ApiGateway.dll
  IdentityService -> D:\personalproject\ticket-pulse\src\IdentityService\bin\Debug\net10.0\IdentityService.dll
  AppHost -> D:\personalproject\ticket-pulse\src\AppHost\bin\Debug\net10.0\AppHost.dll

Build succeeded.
    0 Warning(s)
    0 Error(s)

Time Elapsed 00:00:04.90
